Core full suite (timeout 240 dart test --reporter expanded)
Observed exit code: 0
00:05 +115 ~2: All tests passed!

Widgets full suite (timeout 240 flutter test --reporter expanded)
Observed exit code: 0
00:18 +26: All tests passed!

Core analysis (dart analyze changed library/test files)
Observed exit code: 0
Analyzing queries.dart, sync_client.dart, sync_client_cycles_test.dart...

   info - lib/src/queries.dart:359:7 - The type name '_qia' isn't an UpperCamelCase identifier. Try changing the name to follow the UpperCamelCase style. - camel_case_types
   info - lib/src/queries.dart:367:7 - The type name '_qi' isn't an UpperCamelCase identifier. Try changing the name to follow the UpperCamelCase style. - camel_case_types
   info - lib/src/queries.dart:1362:7 - The variable name 'GOAL_PATH_REFERENCE_REGEX' isn't a lowerCamelCase identifier. Try changing the name to follow the lowerCamelCase style. - non_constant_identifier_names

3 issues found.

Widget analysis (flutter analyze --no-pub --no-fatal-infos changed files)
Observed exit code: 0
Analyzing 2 items...

   info • Unnecessary 'this.' qualifier • lib/src/goal_breadcrumb.dart:212:26 • unnecessary_this
   info • Unnecessary 'this.' qualifier • lib/src/goal_breadcrumb.dart:213:40 • unnecessary_this
   info • Unnecessary 'this.' qualifier • lib/src/goal_breadcrumb.dart:216:16 • unnecessary_this
   info • Unnecessary 'this.' qualifier • lib/src/goal_breadcrumb.dart:220:16 • unnecessary_this
   info • Unnecessary 'this.' qualifier • lib/src/goal_breadcrumb.dart:222:14 • unnecessary_this
   info • Unnecessary 'this.' qualifier • lib/src/goal_breadcrumb.dart:223:14 • unnecessary_this
   info • Unnecessary 'this.' qualifier • lib/src/goal_breadcrumb.dart:225:23 • unnecessary_this
   info • Unnecessary 'this.' qualifier • lib/src/goal_breadcrumb.dart:232:9 • unnecessary_this
   info • Unnecessary 'this.' qualifier • lib/src/goal_breadcrumb.dart:236:18 • unnecessary_this
   info • Unnecessary 'this.' qualifier • lib/src/goal_breadcrumb.dart:243:20 • unnecessary_this
   info • Unnecessary 'this.' qualifier • lib/src/goal_breadcrumb.dart:246:24 • unnecessary_this

11 issues found. (ran in 19.3s)

Core kernel build (dart compile kernel test/sync/sync_client_cycles_test.dart)
Observed exit code: 0
Compiling test/sync/sync_client_cycles_test.dart to kernel file ../../../evidence/core-cycles.dill.

TS types build (pnpm --filter @thkp-eng/goals-types build)
Observed exit code: 0

> @thkp-eng/goals-types@1.0.2 build /home/siliconfamiliar_ismattkelleraliv/.rusa/workers/17b84822-59c4-40dd-acd6-ff597ede8bf7/glass_goals_devkit/packages/goals-types
> tsc


TS core build (pnpm --filter @thkp-eng/goals-core build)
Observed exit code: 0

> @thkp-eng/goals-core@1.0.4 build /home/siliconfamiliar_ismattkelleraliv/.rusa/workers/17b84822-59c4-40dd-acd6-ff597ede8bf7/glass_goals_devkit/packages/goals-core
> tsc


TS core suite (pnpm --filter @thkp-eng/goals-core exec vitest run)
Observed exit code: 0

 RUN  v3.2.7 /home/siliconfamiliar_ismattkelleraliv/.rusa/workers/17b84822-59c4-40dd-acd6-ff597ede8bf7/glass_goals_devkit/packages/goals-core

 ✓ src/model.test.ts (10 tests) 45ms
 ✓ src/sync-client.cycles.test.ts (11 tests) 70ms
 ✓ src/sync-client.sort.test.ts (3 tests) 90ms
 ✓ src/sync-client.dedup.test.ts (3 tests) 26ms
 ✓ src/hlc.test.ts (5 tests) 19ms
 ✓ src/hlc.increment.test.ts (4 tests) 33ms

 Test Files  6 passed (6)
      Tests  36 passed (36)
   Start at  15:59:44
   Duration  3.32s (transform 1.19s, setup 0ms, collect 1.93s, tests 283ms, environment 3ms, prepare 2.03s)


Widget smoke release web build (flutter build web --release)
Observed exit code: 0
Waiting for another flutter command to release the startup lock...
Compiling lib/main.dart for the Web...
Wasm dry run findings:
Found incompatibilities with WebAssembly.

file:///tmp/flutter-sdk/.pub-cache/git/flutter_dropzone-70838616e5bde2f3ccca2f55e734c708ddaa9af9/flutter_dropzone_web/lib/file/dropzone_file_web.dart 34:12 - invalid_runtime_check_with_js_interop_types lint violation: Cast from 'JSAny?' to 'String?' casts a JS interop value to a Dart type, which might not be platform-consistent. (8)

Consider addressing these issues to enable wasm builds. See docs for more info: https://docs.flutter.dev/platform-integration/web/wasm

Use --no-wasm-dry-run to disable these warnings.
Expected to find fonts for (MaterialIcons, packages/cupertino_icons/CupertinoIcons), but found (MaterialIcons). This usually means you are referring to font families in an IconData class but not including them in the assets section of your pubspec.yaml, are missing the package that would include them, or are missing "uses-material-design: true".
Font asset "MaterialIcons-Regular.otf" was tree-shaken, reducing it from 1645184 to 7736 bytes (99.5% reduction). Tree-shaking can be disabled by providing the --no-tree-shake-icons flag when building your app.
Compiling lib/main.dart for the Web...                            105.2s
✓ Built build/web
